// Jest Snapshot v1, https://goo.gl/fbAQLP

exports[`ActionCard renders a complete action 1`] = `
"<div class=\\"card\\" style=\\"color: rgba(0, 0, 0, 0.87); background-color: rgb(255, 255, 255); box-sizing: border-box; font-family: Roboto, sans-serif; box-shadow: 0 1px 6px rgba(0, 0, 0, 0.12),
         0 1px 4px rgba(0, 0, 0, 0.12); border-radius: 2px; z-index: 1;\\"><div style=\\"padding-bottom: 0px;\\"><div style=\\"padding: 16px; font-weight: 500; box-sizing: border-box; position: relative; white-space: nowrap; cursor: pointer;\\"><div size=\\"40\\" style=\\"color: rgb(255, 255, 255); background-color: rgb(188, 188, 188); display: inline-flex; font-size: 20px; border-radius: 50%; height: 40px; width: 40px; margin-right: 16px;\\"><!-- react-text: 5 -->1<!-- /react-text --></div><div style=\\"display: inline-block; vertical-align: top; white-space: normal; padding-right: 90px;\\"><span style=\\"color: rgba(0, 0, 0, 0.87); display: block; font-size: 15px;\\">Untitled</span><span style=\\"color: rgba(0, 0, 0, 0.54); display: block; font-size: 14px;\\">a few seconds ago</span></div><button tabindex=\\"0\\" type=\\"button\\" style=\\"border: 10px; box-sizing: border-box; display: inline-block; font-family: Roboto, sans-serif; cursor: pointer; text-decoration: none; margin: auto; padding: 12px; outline: none; font-size: 0; font-weight: inherit; position: absolute; z-index: 1; overflow: visible; width: 48px; height: 48px; top: 0px; bottom: 0px; right: 4px; background: none;\\"><div><svg viewBox=\\"0 0 24 24\\" style=\\"display: inline-block; color: rgba(0, 0, 0, 0.87); fill: currentColor; height: 24px; width: 24px;\\"><path d=\\"M7.41 7.84L12 12.42l4.59-4.58L18 9.25l-6 6-6-6z\\"></path></svg></div></button></div><div style=\\"padding: 8px; position: relative;\\"><a href=\\"/organize/action/undefined\\" style=\\"margin-right: 8px;\\"><div style=\\"color: rgba(0, 0, 0, 0.87); background-color: rgb(255, 255, 255); box-sizing: border-box; font-family: Roboto, sans-serif; box-shadow: 0 1px 6px rgba(0, 0, 0, 0.12),
         0 1px 4px rgba(0, 0, 0, 0.12); border-radius: 2px; display: inline-block; min-width: 88px;\\"><button tabindex=\\"0\\" type=\\"button\\" style=\\"border: 10px; box-sizing: border-box; display: inline-block; font-family: Roboto, sans-serif; cursor: pointer; text-decoration: none; margin: 0px; padding: 0px; outline: none; font-size: inherit; font-weight: inherit; position: relative; z-index: 1; height: 36px; line-height: 36px; width: 100%; border-radius: 2px; background-color: rgb(0, 188, 212); text-align: center;\\"><div><div style=\\"height: 36px; border-radius: 2px; top: 0px;\\"><span style=\\"position: relative; opacity: 1; font-size: 14px; letter-spacing: 0; text-transform: uppercase; font-weight: 500; margin: 0px; padding-left: 16px; padding-right: 16px; color: rgb(255, 255, 255);\\">Open</span></div></div></button></div></a></div><div class=\\"bottom-bar\\"><div class=\\"prospective\\" style=\\"width: 0%;\\"></div><div class=\\"contacted\\" style=\\"width: 0%;\\"></div><div class=\\"confirmed\\" style=\\"width: 0%;\\"></div><div class=\\"attended\\" style=\\"width: 0%;\\"></div><div class=\\"noshow\\" style=\\"width: 0%;\\"></div><div class=\\"cancelled\\" style=\\"width: 0%;\\"></div></div></div></div>"
`;

exports[`ActionCard renders blank action 1`] = `
"<div class=\\"card\\" style=\\"color: rgba(0, 0, 0, 0.87); background-color: rgb(255, 255, 255); box-sizing: border-box; font-family: Roboto, sans-serif; box-shadow: 0 1px 6px rgba(0, 0, 0, 0.12),
         0 1px 4px rgba(0, 0, 0, 0.12); border-radius: 2px; z-index: 1;\\"><div style=\\"padding-bottom: 0px;\\"><div style=\\"padding: 16px; font-weight: 500; box-sizing: border-box; position: relative; white-space: nowrap; cursor: pointer;\\"><div size=\\"40\\" style=\\"color: rgb(255, 255, 255); background-color: rgb(188, 188, 188); display: inline-flex; font-size: 20px; border-radius: 50%; height: 40px; width: 40px; margin-right: 16px;\\"><!-- react-text: 5 -->0<!-- /react-text --></div><div style=\\"display: inline-block; vertical-align: top; white-space: normal; padding-right: 90px;\\"><span style=\\"color: rgba(0, 0, 0, 0.87); display: block; font-size: 15px;\\">Untitled</span><span style=\\"color: rgba(0, 0, 0, 0.54); display: block; font-size: 14px;\\">a few seconds ago</span></div><button tabindex=\\"0\\" type=\\"button\\" style=\\"border: 10px; box-sizing: border-box; display: inline-block; font-family: Roboto, sans-serif; cursor: pointer; text-decoration: none; margin: auto; padding: 12px; outline: none; font-size: 0; font-weight: inherit; position: absolute; z-index: 1; overflow: visible; width: 48px; height: 48px; top: 0px; bottom: 0px; right: 4px; background: none;\\"><div><svg viewBox=\\"0 0 24 24\\" style=\\"display: inline-block; color: rgba(0, 0, 0, 0.87); fill: currentColor; height: 24px; width: 24px;\\"><path d=\\"M7.41 7.84L12 12.42l4.59-4.58L18 9.25l-6 6-6-6z\\"></path></svg></div></button></div><div style=\\"padding: 8px; position: relative;\\"><a href=\\"/organize/action/undefined\\" style=\\"margin-right: 8px;\\"><div style=\\"color: rgba(0, 0, 0, 0.87); background-color: rgb(255, 255, 255); box-sizing: border-box; font-family: Roboto, sans-serif; box-shadow: 0 1px 6px rgba(0, 0, 0, 0.12),
         0 1px 4px rgba(0, 0, 0, 0.12); border-radius: 2px; display: inline-block; min-width: 88px;\\"><button tabindex=\\"0\\" type=\\"button\\" style=\\"border: 10px; box-sizing: border-box; display: inline-block; font-family: Roboto, sans-serif; cursor: pointer; text-decoration: none; margin: 0px; padding: 0px; outline: none; font-size: inherit; font-weight: inherit; position: relative; z-index: 1; height: 36px; line-height: 36px; width: 100%; border-radius: 2px; background-color: rgb(0, 188, 212); text-align: center;\\"><div><div style=\\"height: 36px; border-radius: 2px; top: 0px;\\"><span style=\\"position: relative; opacity: 1; font-size: 14px; letter-spacing: 0; text-transform: uppercase; font-weight: 500; margin: 0px; padding-left: 16px; padding-right: 16px; color: rgb(255, 255, 255);\\">Open</span></div></div></button></div></a></div><div class=\\"bottom-bar\\"><div class=\\"prospective\\"></div><div class=\\"contacted\\"></div><div class=\\"confirmed\\"></div><div class=\\"attended\\"></div><div class=\\"noshow\\"></div><div class=\\"cancelled\\"></div></div></div></div>"
`;

exports[`ActionIndex renders 1`] = `
"<div><h1>Actions</h1><div class=\\"action-list\\"><div class=\\"card\\" style=\\"color: rgba(0, 0, 0, 0.87); background-color: rgb(255, 255, 255); box-sizing: border-box; font-family: Roboto, sans-serif; box-shadow: 0 1px 6px rgba(0, 0, 0, 0.12),
         0 1px 4px rgba(0, 0, 0, 0.12); border-radius: 2px; z-index: 1;\\"><div style=\\"padding-bottom: 0px;\\"><a href=\\"/organize/action/new\\"><div style=\\"padding: 16px; font-weight: 500; box-sizing: border-box; position: relative; white-space: nowrap;\\"><div size=\\"40\\" style=\\"color: rgb(255, 255, 255); background-color: rgb(188, 188, 188); display: inline-flex; font-size: 20px; border-radius: 50%; height: 40px; width: 40px; margin-right: 16px;\\"><svg viewBox=\\"0 0 24 24\\" style=\\"display: inline-block; color: rgb(255, 255, 255); fill: #ffffff; height: 24px; width: 24px; font-size: 24px; margin: 8px;\\"><path d=\\"M3 17.25V21h3.75L17.81 9.94l-3.75-3.75L3 17.25zM20.71 7.04c.39-.39.39-1.02 0-1.41l-2.34-2.34c-.39-.39-1.02-.39-1.41 0l-1.83 1.83 3.75 3.75 1.83-1.83z\\"></path></svg></div><div style=\\"display: inline-block; vertical-align: top; white-space: normal; padding-right: 90px;\\"><span style=\\"color: rgba(0, 0, 0, 0.87); display: block; font-size: 15px;\\">Create new action</span><span style=\\"color: rgba(0, 0, 0, 0.54); display: block; font-size: 14px;\\"></span></div></div><div style=\\"padding: 16px; font-size: 14px; color: rgba(0, 0, 0, 0.87);\\">Start a new action, get signups.</div></a></div></div></div></div>"
`;
