// Jest Snapshot v1, https://goo.gl/fbAQLP

exports[`Smoke test 1`] = `
<div>
  <footer>
    <div
      className="row"
    >
      <div
        className="small-6 columns"
      >
        <p>
          Made with ‚ù§ in Oakland, CA
        </p>
      </div>
      <div
        className="small-6 columns"
        style={
          Object {
            "textAlign": "right",
          }
        }
      >
        <p>
          <a
            href=""
          >
            <i
              className="fa fa-lock"
            />
             Login
          </a>
        </p>
      </div>
    </div>
  </footer>
</div>
`;
