// Jest Snapshot v1, https://goo.gl/fbAQLP

exports[`Smoke test 1`] = `"<div class=\\"app-splash\\"><h1><!-- react-text: 3 -->East Bay Forward <!-- /react-text --><div class=\\"pop\\">Organizer</div></h1><p>The housing shortage is not an unintended policy failure. The Bay Area has a housing shortage because of decades of voting and organizing against housing. The solution is to organize for housing.</p><p>East Bay Forward Organizer helps people organize for housing.</p><p><a href=\\"\\"><img alt=\\"Sign in with Slack\\" height=\\"40\\" width=\\"172\\" src=\\"https://platform.slack-edge.com/img/sign_in_with_slack.png\\" srcset=\\"https://platform.slack-edge.com/img/sign_in_with_slack.png 1x, https://platform.slack-edge.com/img/sign_in_with_slack@2x.png 2x\\"></a></p><p>Please sign in with East Bay Forward Slack to continue.</p><p class=\\"github-link\\"><a href=\\"https://github.com/tdfischer/organizer/\\"><i class=\\"fa fa-github\\"></i></a></p></div>"`;
