// Jest Snapshot v1, https://goo.gl/fbAQLP

exports[`Render test 1`] = `"<div class=\\"expanded row the-form\\"><div class=\\"small-12 columns medium-7 medium-offset-1 the-ask\\"><h1>Sign up for an action</h1><div class=\\"body\\"><div><p><!-- react-text: 13 -->Description of an action!<!-- /react-text --></p></div></div><p class=\\"error\\"></p><div class=\\"ReactForm\\"><form method=\\"post\\"><label><!-- react-text: 18 -->Email <!-- /react-text --><span class=\\"required\\">*</span><div class=\\"FormInput\\"><input type=\\"text\\" value=\\"\\"><div class=\\"FormError\\" style=\\"display: none;\\"></div></div></label><label><!-- react-text: 24 -->Name <!-- /react-text --><span class=\\"required\\">*</span><div class=\\"FormInput\\"><input type=\\"text\\" value=\\"\\"><div class=\\"FormError\\" style=\\"display: none;\\"></div></div></label><label><!-- react-text: 30 -->Address<!-- /react-text --><div class=\\"FormInput\\"><div id=\\"PlacesAutocomplete__root\\" class=\\"\\" style=\\"position: relative; padding-bottom: 0px;\\"><input type=\\"text\\" class=\\"\\" style=\\"display: inline-block; width: 100%; padding: 10px;\\"></div><div class=\\"FormError\\" style=\\"display: none;\\"></div></div></label><div class=\\"FormInput\\"><div class=\\"ReactForm\\"></div></div><input type=\\"submit\\" class=\\"button\\" value=\\"Submit\\"></form></div></div><div class=\\"medium-3 columns meta\\"><div class=\\"name\\">Berkeley Did Something Stupid, Again</div><div class=\\"date\\">October 31st 2011, 12:00:00 am</div><div class=\\"react-add-to-calendar\\"><div class=\\"react-add-to-calendar__wrapper\\"><a class=\\"react-add-to-calendar__button\\"><span><!-- react-text: 45 -->Add to My Calendar <!-- /react-text --><i class=\\"react-add-to-calendar__icon--right fa fa-caret-down\\"></i></span></a></div></div><div class=\\"until\\">6 years ago</div></div></div>"`;

exports[`Smoke test 1`] = `"<div class=\\"spinner\\"><div class=\\"rect1\\"></div><div class=\\"rect2\\"></div><div class=\\"rect3\\"></div><div class=\\"rect4\\"></div><div class=\\"rect5\\"></div></div>"`;

exports[`Submit values test 1`] = `
Object {
  "address": "address",
  "email": "email",
  "name": "name",
}
`;
